<html>
<body>
<pre>
<h1>µVision Build Log</h1>
<h2>Tool Versions:</h2>
IDE-Version: ¦ÌVision V5.37.0.0
Copyright (C) 2022 ARM Ltd and ARM Germany GmbH. All rights reserved.
License Information: ´÷¸ç¸ç ´÷¸ç¸ç, 11, LIC=X96CK-ZAVTS-SB1EJ-U8L3L-L22WT-12L3T
 
Tool Versions:
Toolchain:       MDK-ARM Plus  Version: 5.37.0.0
Toolchain Path:  D:\Keil_v5\ARM\Compiler_5.06u7\Bin
C Compiler:      Armcc.exe V5.06 update 6 (build 750)
Assembler:       Armasm.exe V5.06 update 6 (build 750)
Linker/Locator:  ArmLink.exe V5.06 update 6 (build 750)
Library Manager: ArmAr.exe V5.06 update 6 (build 750)
Hex Converter:   FromElf.exe V5.06 update 6 (build 750)
CPU DLL:         SARMCM3.DLL V5.37.0.0
Dialog DLL:      DARMSTM.DLL V1.69.1.0
Target DLL:      STLink\ST-LINKIII-KEIL_SWO.dll V3.0.9.0
Dialog DLL:      TARMSTM.DLL V1.67.1.0
 
<h2>Project:</h2>
D:\Project_V1.1\STM32F103C8T6\1.LED\USER\main.uvprojx
Project File Date:  10/24/2022

<h2>Output:</h2>
*** Using Compiler 'V5.06 update 6 (build 750)', folder: 'D:\Keil_v5\ARM\Compiler_5.06u7\Bin'
Build target 'Target 1'
compiling delay.c...
compiling main.c...
..\CONF\base.h(38): warning:  #1-D: last line of file ends without a newline
  #endif // BASE_H
..\CONF\platform_config.h(44): warning:  #1-D: last line of file ends without a newline
  #endif // PLATFORM_CONFIG_H
main.c(108): warning:  #188-D: enumerated type mixed with another type
  	NVIC_Configuration(2); //è®¾ç½®ç³»ç»Ÿä¸­æ–­ä¼˜å…ˆçº§åˆ†ç»?2
main.c: 3 warnings, 0 errors
linking...
Program Size: Code=9904 RO-data=268 RW-data=152 ZI-data=19440  
FromELF: creating hex file...
"..\OBJ\main.axf" - 0 Error(s), 3 Warning(s).

<h2>Software Packages used:</h2>

Package Vendor: ARM
                http://www.keil.com/pack/ARM.CMSIS.5.9.0.pack
                ARM.CMSIS.5.9.0
                CMSIS (Common Microcontroller Software Interface Standard)
   * Component: CORE Version: 5.6.0

Package Vendor: Keil
                http://www.keil.com/pack/Keil.STM32F1xx_DFP.2.4.0.pack
                Keil.STM32F1xx_DFP.2.4.0
                STMicroelectronics STM32F1 Series Device Support, Drivers and Examples

<h2>Collection of Component include folders:</h2>
  ./RTE/_Target_1
  D:/AppData/Local/Arm/Packs/ARM/CMSIS/5.9.0/CMSIS/Core/Include
  D:/AppData/Local/Arm/Packs/Keil/STM32F1xx_DFP/2.4.0/Device/Include

<h2>Collection of Component Files used:</h2>

   * Component: ARM::CMSIS:CORE:5.6.0
Build Time Elapsed:  00:00:01
</pre>
</body>
</html>
